---
source: compiler/tests/codegen.rs
assertion_line: 24
expression: py_code
input_file: compiler/tests/corpus/codegen/stdlib_numerics.jv
---
def main_0_func():
    print(abs(0 - 7))
    print(min(3, 9))
    print(max(3, 9))
    print(sum([1, 2, 3]))
    print(chr(74))
    print(ord('''J'''))
    for i_0_var in range(0, 3):
        print(i_0_var)


main_0_func()
